[
  {
    "title": "A New R6RS Scheme Compiler",
    "uri": "https://weinholt.se/articles/new-r6rs-compiler/",
    "author": "widdershins",
    "points": 121,
    "comments": 24,
    "rank": 1
  },
  {
    "title": "Ocean plastic waste probably comes from ships, report says",
    "uri": "https://www.afp.com/en/news/826/ocean-plastic-waste-probably-comes-ships-report-says-doc-1kv8e91",
    "author": "elorant",
    "points": 156,
    "comments": 134,
    "rank": 2
  }
]