[
  {
    "title": "A New R6RS Scheme Compiler",
    "uri": "https://weinholt.se/articles/new-r6rs-compiler/",
    "author": "widdershins",
    "points": 121,
    "comments": 24,
    "rank": 1
  }
]