[
  {
    "title": "A New R6RS Scheme Compiler",
    "uri": "https://weinholt.se/articles/new-r6rs-compiler/",
    "author": "widdershins",
    "points": 121,
    "comments": 24,
    "rank": 1
  },
  {
    "title": "Ocean plastic waste probably comes from ships, report says",
    "uri": "https://www.afp.com/en/news/826/ocean-plastic-waste-probably-comes-ships-report-says-doc-1kv8e91",
    "author": "elorant",
    "points": 156,
    "comments": 134,
    "rank": 2
  },
  {
    "title": "A16Z announces free crypto startup school",
    "uri": "https://events.a16z.com/cryptostartupschool/",
    "author": "yarapavan",
    "points": 16,
    "comments": 9,
    "rank": 3
  },
  {
    "title": "Do you have a problem? Write a compiler",
    "uri": "http://oleg.fi/gists/posts/2019-09-26-write-a-compiler.html",
    "author": "lelf",
    "points": 124,
    "comments": 51,
    "rank": 4
  },
  {
    "title": "Dutch police take down hornets' nest of DDoS botnets",
    "uri": "https://www.zdnet.com/article/dutch-police-take-down-hornets-nest-of-ddos-botnets/",
    "author": "bad_packets",
    "points": 24,
    "comments": 15,
    "rank": 5
  }
]